// Jest Snapshot v1, https://goo.gl/fbAQLP

exports[`<Photo /> Review create in Photo component 1`] = `
<div
  className="image-upload"
>
  <label
    for="file-input"
  >
    <img
      src="file-stub"
    />
  </label>
  <input
    accept="image/*"
    id="file-input"
    type="file"
  />
</div>
`;
